
There are no discarded input sections

Memory Configuration

Name             Origin             Length             Attributes
FLASH            0x08000000         0x00080000         xr
RAM              0x20000000         0x00020000         xrw
*default*        0x00000000         0xffffffff

Linker script and memory map

LOAD src/main.o
LOAD src/uart.o
LOAD src/pc13.o
LOAD src/clock.o
LOAD src/timer.o
LOAD tests/test_runner.o
LOAD tests/test_sram.o
LOAD tests/test_hse.o
LOAD tests/test_timer.o
LOAD tests/test_clock_measure.o
LOAD startup_stm32f411.o

.text           0x08000000      0xc19
 *(.isr_vector)
 .isr_vector    0x08000000      0x188 startup_stm32f411.o
 *(.text*)
 .text          0x08000188       0x88 src/main.o
                0x08000188                main1
                0x080001c0                main
 .text          0x08000210       0xec src/uart.o
                0x08000210                uart_init
                0x080002bc                uart_print
 .text          0x080002fc       0x54 src/pc13.o
                0x080002fc                pc13_init
                0x08000334                pc13_toggle
 .text          0x08000350      0x12c src/clock.o
                0x08000350                clock_init_pll
                0x080003ec                clock_init_pll_hsi
 .text          0x0800047c      0x280 src/timer.o
                0x08000578                get_sysclk
                0x08000624                get_tim2_clock
                0x08000666                tim2_init
                0x080006cc                delay_ms
 .text          0x080006fc       0x78 tests/test_runner.o
                0x080006fc                run_tests
 .text          0x08000774       0xa4 tests/test_sram.o
                0x08000774                test_sram
 .text          0x08000818       0x74 tests/test_hse.o
                0x08000818                test_hse
 .text          0x0800088c       0x84 tests/test_timer.o
                0x0800088c                test_timer
 .text          0x08000910      0x17c tests/test_clock_measure.o
                0x08000932                test_clock_measure
 .text          0x08000a8c        0x0 startup_stm32f411.o
 .text.Reset_Handler
                0x08000a8c       0x44 startup_stm32f411.o
                0x08000a8c                Reset_Handler
 .text.Default_Handler
                0x08000ad0        0x2 startup_stm32f411.o
 *(.rodata*)
 *fill*         0x08000ad2        0x2 
 .rodata        0x08000ad4       0x84 src/main.o
 .rodata        0x08000b58       0x1b tests/test_runner.o
 *fill*         0x08000b73        0x1 
 .rodata        0x08000b74       0x2f tests/test_hse.o
 *fill*         0x08000ba3        0x1 
 .rodata        0x08000ba4       0x1c tests/test_timer.o
 .rodata        0x08000bc0       0x59 tests/test_clock_measure.o

.glue_7         0x08000c1c        0x0
 .glue_7        0x08000c1c        0x0 linker stubs

.glue_7t        0x08000c1c        0x0
 .glue_7t       0x08000c1c        0x0 linker stubs

.vfp11_veneer   0x08000c1c        0x0
 .vfp11_veneer  0x08000c1c        0x0 linker stubs

.v4_bx          0x08000c1c        0x0
 .v4_bx         0x08000c1c        0x0 linker stubs

.iplt           0x08000c1c        0x0
 .iplt          0x08000c1c        0x0 src/main.o

.rel.dyn        0x08000c1c        0x0
 .rel.iplt      0x08000c1c        0x0 src/main.o

.data           0x20000000       0x18 load address 0x08000c19
                0x20000000                        _sdata = .
 *(.data*)
 .data          0x20000000       0x18 src/main.o
                0x20000000                tests
 .data          0x20000018        0x0 src/uart.o
 .data          0x20000018        0x0 src/pc13.o
 .data          0x20000018        0x0 src/clock.o
 .data          0x20000018        0x0 src/timer.o
 .data          0x20000018        0x0 tests/test_runner.o
 .data          0x20000018        0x0 tests/test_sram.o
 .data          0x20000018        0x0 tests/test_hse.o
 .data          0x20000018        0x0 tests/test_timer.o
 .data          0x20000018        0x0 tests/test_clock_measure.o
 .data          0x20000018        0x0 startup_stm32f411.o
                0x20000018                        _edata = .
                0x08000c19                        _sidata = LOADADDR (.data)

.igot.plt       0x20000018        0x0 load address 0x08000c31
 .igot.plt      0x20000018        0x0 src/main.o

.bss            0x20000018        0x0 load address 0x08000c31
                0x20000018                        _sbss = .
 *(.bss*)
 .bss           0x20000018        0x0 src/main.o
 .bss           0x20000018        0x0 src/uart.o
 .bss           0x20000018        0x0 src/pc13.o
 .bss           0x20000018        0x0 src/clock.o
 .bss           0x20000018        0x0 src/timer.o
 .bss           0x20000018        0x0 tests/test_runner.o
 .bss           0x20000018        0x0 tests/test_sram.o
 .bss           0x20000018        0x0 tests/test_hse.o
 .bss           0x20000018        0x0 tests/test_timer.o
 .bss           0x20000018        0x0 tests/test_clock_measure.o
 .bss           0x20000018        0x0 startup_stm32f411.o
                0x20000018                        _ebss = .
OUTPUT(firmware.elf elf32-littlearm)
LOAD linker stubs

.debug_info     0x00000000      0x806
 .debug_info    0x00000000      0x172 src/main.o
 .debug_info    0x00000172       0x6f src/uart.o
 .debug_info    0x000001e1       0x47 src/pc13.o
 .debug_info    0x00000228       0x47 src/clock.o
 .debug_info    0x0000026f      0x1c7 src/timer.o
 .debug_info    0x00000436       0xfa tests/test_runner.o
 .debug_info    0x00000530       0xd4 tests/test_sram.o
 .debug_info    0x00000604       0x85 tests/test_hse.o
 .debug_info    0x00000689       0x68 tests/test_timer.o
 .debug_info    0x000006f1      0x115 tests/test_clock_measure.o

.debug_abbrev   0x00000000      0x670
 .debug_abbrev  0x00000000      0x149 src/main.o
 .debug_abbrev  0x00000149       0x74 src/uart.o
 .debug_abbrev  0x000001bd       0x2f src/pc13.o
 .debug_abbrev  0x000001ec       0x2f src/clock.o
 .debug_abbrev  0x0000021b      0x102 src/timer.o
 .debug_abbrev  0x0000031d       0xfa tests/test_runner.o
 .debug_abbrev  0x00000417       0x7d tests/test_sram.o
 .debug_abbrev  0x00000494       0x92 tests/test_hse.o
 .debug_abbrev  0x00000526       0x71 tests/test_timer.o
 .debug_abbrev  0x00000597       0xd9 tests/test_clock_measure.o

.debug_aranges  0x00000000      0x140
 .debug_aranges
                0x00000000       0x20 src/main.o
 .debug_aranges
                0x00000020       0x20 src/uart.o
 .debug_aranges
                0x00000040       0x20 src/pc13.o
 .debug_aranges
                0x00000060       0x20 src/clock.o
 .debug_aranges
                0x00000080       0x20 src/timer.o
 .debug_aranges
                0x000000a0       0x20 tests/test_runner.o
 .debug_aranges
                0x000000c0       0x20 tests/test_sram.o
 .debug_aranges
                0x000000e0       0x20 tests/test_hse.o
 .debug_aranges
                0x00000100       0x20 tests/test_timer.o
 .debug_aranges
                0x00000120       0x20 tests/test_clock_measure.o

.debug_line     0x00000000      0x797
 .debug_line    0x00000000       0xad src/main.o
 .debug_line    0x000000ad       0xb6 src/uart.o
 .debug_line    0x00000163       0x5b src/pc13.o
 .debug_line    0x000001be      0x124 src/clock.o
 .debug_line    0x000002e2      0x13b src/timer.o
 .debug_line    0x0000041d       0x94 tests/test_runner.o
 .debug_line    0x000004b1       0xbc tests/test_sram.o
 .debug_line    0x0000056d       0x8b tests/test_hse.o
 .debug_line    0x000005f8       0xa0 tests/test_timer.o
 .debug_line    0x00000698       0xff tests/test_clock_measure.o

.debug_str      0x00000000      0x2b8
 .debug_str     0x00000000      0x2b8 src/main.o
                                0x163 (size before relaxing)
 .debug_str     0x000002b8       0xc1 src/uart.o
 .debug_str     0x000002b8       0xbd src/pc13.o
 .debug_str     0x000002b8       0xca src/clock.o
 .debug_str     0x000002b8      0x15c src/timer.o
 .debug_str     0x000002b8       0xf3 tests/test_runner.o
 .debug_str     0x000002b8       0xca tests/test_sram.o
 .debug_str     0x000002b8       0xc6 tests/test_hse.o
 .debug_str     0x000002b8       0xca tests/test_timer.o
 .debug_str     0x000002b8      0x109 tests/test_clock_measure.o

.comment        0x00000000       0x45
 .comment       0x00000000       0x45 src/main.o
                                 0x46 (size before relaxing)
 .comment       0x00000045       0x46 src/uart.o
 .comment       0x00000045       0x46 src/pc13.o
 .comment       0x00000045       0x46 src/clock.o
 .comment       0x00000045       0x46 src/timer.o
 .comment       0x00000045       0x46 tests/test_runner.o
 .comment       0x00000045       0x46 tests/test_sram.o
 .comment       0x00000045       0x46 tests/test_hse.o
 .comment       0x00000045       0x46 tests/test_timer.o
 .comment       0x00000045       0x46 tests/test_clock_measure.o

.ARM.attributes
                0x00000000       0x2c
 .ARM.attributes
                0x00000000       0x2e src/main.o
 .ARM.attributes
                0x0000002e       0x2e src/uart.o
 .ARM.attributes
                0x0000005c       0x2e src/pc13.o
 .ARM.attributes
                0x0000008a       0x2e src/clock.o
 .ARM.attributes
                0x000000b8       0x2e src/timer.o
 .ARM.attributes
                0x000000e6       0x2e tests/test_runner.o
 .ARM.attributes
                0x00000114       0x2e tests/test_sram.o
 .ARM.attributes
                0x00000142       0x2e tests/test_hse.o
 .ARM.attributes
                0x00000170       0x2e tests/test_timer.o
 .ARM.attributes
                0x0000019e       0x2e tests/test_clock_measure.o
 .ARM.attributes
                0x000001cc       0x21 startup_stm32f411.o

.debug_frame    0x00000000      0x364
 .debug_frame   0x00000000       0x4c src/main.o
 .debug_frame   0x0000004c       0x58 src/uart.o
 .debug_frame   0x000000a4       0x50 src/pc13.o
 .debug_frame   0x000000f4       0x50 src/clock.o
 .debug_frame   0x00000144       0xf8 src/timer.o
 .debug_frame   0x0000023c       0x34 tests/test_runner.o
 .debug_frame   0x00000270       0x38 tests/test_sram.o
 .debug_frame   0x000002a8       0x34 tests/test_hse.o
 .debug_frame   0x000002dc       0x2c tests/test_timer.o
 .debug_frame   0x00000308       0x5c tests/test_clock_measure.o
