
There are no discarded input sections

Memory Configuration

Name             Origin             Length             Attributes
FLASH            0x08000000         0x00080000         xr
RAM              0x20000000         0x00020000         xrw
*default*        0x00000000         0xffffffff

Linker script and memory map

LOAD src/main.o
LOAD src/uart.o
LOAD src/pc13.o
LOAD tests/test_runner.o
LOAD tests/test_sram.o
LOAD tests/test_hse.o
LOAD startup_stm32f411.o

.text           0x08000000      0x5ce
 *(.isr_vector)
 .isr_vector    0x08000000      0x188 startup_stm32f411.o
 *(.text*)
 .text          0x08000188       0x78 src/main.o
                0x08000188                main1
                0x080001c0                main
 .text          0x08000200       0xe4 src/uart.o
                0x08000200                uart_init
                0x080002a4                uart_print
 .text          0x080002e4       0x54 src/pc13.o
                0x080002e4                pc13_init
                0x0800031c                pc13_toggle
 .text          0x08000338       0x78 tests/test_runner.o
                0x08000338                run_tests
 .text          0x080003b0       0xa4 tests/test_sram.o
                0x080003b0                test_sram
 .text          0x08000454       0x68 tests/test_hse.o
                0x08000454                test_hse
 .text          0x080004bc        0x0 startup_stm32f411.o
 .text.Reset_Handler
                0x080004bc       0x44 startup_stm32f411.o
                0x080004bc                Reset_Handler
 .text.Default_Handler
                0x08000500        0x2 startup_stm32f411.o
 *(.rodata*)
 *fill*         0x08000502        0x2 
 .rodata        0x08000504       0x72 src/main.o
 *fill*         0x08000576        0x2 
 .rodata        0x08000578       0x1b tests/test_runner.o
 *fill*         0x08000593        0x1 
 .rodata        0x08000594       0x3a tests/test_hse.o

.glue_7         0x080005d0        0x0
 .glue_7        0x080005d0        0x0 linker stubs

.glue_7t        0x080005d0        0x0
 .glue_7t       0x080005d0        0x0 linker stubs

.vfp11_veneer   0x080005d0        0x0
 .vfp11_veneer  0x080005d0        0x0 linker stubs

.v4_bx          0x080005d0        0x0
 .v4_bx         0x080005d0        0x0 linker stubs

.iplt           0x080005d0        0x0
 .iplt          0x080005d0        0x0 src/main.o

.rel.dyn        0x080005d0        0x0
 .rel.iplt      0x080005d0        0x0 src/main.o

.data           0x20000000       0x10 load address 0x080005ce
                0x20000000                        _sdata = .
 *(.data*)
 .data          0x20000000       0x10 src/main.o
                0x20000000                tests
 .data          0x20000010        0x0 src/uart.o
 .data          0x20000010        0x0 src/pc13.o
 .data          0x20000010        0x0 tests/test_runner.o
 .data          0x20000010        0x0 tests/test_sram.o
 .data          0x20000010        0x0 tests/test_hse.o
 .data          0x20000010        0x0 startup_stm32f411.o
                0x20000010                        _edata = .
                0x080005ce                        _sidata = LOADADDR (.data)

.igot.plt       0x20000010        0x0 load address 0x080005de
 .igot.plt      0x20000010        0x0 src/main.o

.bss            0x20000010        0x0 load address 0x080005de
                0x20000010                        _sbss = .
 *(.bss*)
 .bss           0x20000010        0x0 src/main.o
 .bss           0x20000010        0x0 src/uart.o
 .bss           0x20000010        0x0 src/pc13.o
 .bss           0x20000010        0x0 tests/test_runner.o
 .bss           0x20000010        0x0 tests/test_sram.o
 .bss           0x20000010        0x0 tests/test_hse.o
 .bss           0x20000010        0x0 startup_stm32f411.o
                0x20000010                        _ebss = .
OUTPUT(firmware.elf elf32-littlearm)
LOAD linker stubs

.debug_info     0x00000000      0x452
 .debug_info    0x00000000      0x149 src/main.o
 .debug_info    0x00000149       0x6f src/uart.o
 .debug_info    0x000001b8       0x47 src/pc13.o
 .debug_info    0x000001ff       0xfa tests/test_runner.o
 .debug_info    0x000002f9       0xd4 tests/test_sram.o
 .debug_info    0x000003cd       0x85 tests/test_hse.o

.debug_abbrev   0x00000000      0x3f5
 .debug_abbrev  0x00000000      0x149 src/main.o
 .debug_abbrev  0x00000149       0x74 src/uart.o
 .debug_abbrev  0x000001bd       0x2f src/pc13.o
 .debug_abbrev  0x000001ec       0xfa tests/test_runner.o
 .debug_abbrev  0x000002e6       0x7d tests/test_sram.o
 .debug_abbrev  0x00000363       0x92 tests/test_hse.o

.debug_aranges  0x00000000       0xc0
 .debug_aranges
                0x00000000       0x20 src/main.o
 .debug_aranges
                0x00000020       0x20 src/uart.o
 .debug_aranges
                0x00000040       0x20 src/pc13.o
 .debug_aranges
                0x00000060       0x20 tests/test_runner.o
 .debug_aranges
                0x00000080       0x20 tests/test_sram.o
 .debug_aranges
                0x000000a0       0x20 tests/test_hse.o

.debug_line     0x00000000      0x374
 .debug_line    0x00000000       0x94 src/main.o
 .debug_line    0x00000094       0xb0 src/uart.o
 .debug_line    0x00000144       0x5b src/pc13.o
 .debug_line    0x0000019f       0x94 tests/test_runner.o
 .debug_line    0x00000233       0xbc tests/test_sram.o
 .debug_line    0x000002ef       0x85 tests/test_hse.o

.debug_str      0x00000000      0x17c
 .debug_str     0x00000000      0x17c src/main.o
                                0x128 (size before relaxing)
 .debug_str     0x0000017c       0xc1 src/uart.o
 .debug_str     0x0000017c       0xbd src/pc13.o
 .debug_str     0x0000017c       0xf3 tests/test_runner.o
 .debug_str     0x0000017c       0xca tests/test_sram.o
 .debug_str     0x0000017c       0xc6 tests/test_hse.o

.comment        0x00000000       0x45
 .comment       0x00000000       0x45 src/main.o
                                 0x46 (size before relaxing)
 .comment       0x00000045       0x46 src/uart.o
 .comment       0x00000045       0x46 src/pc13.o
 .comment       0x00000045       0x46 tests/test_runner.o
 .comment       0x00000045       0x46 tests/test_sram.o
 .comment       0x00000045       0x46 tests/test_hse.o

.ARM.attributes
                0x00000000       0x2c
 .ARM.attributes
                0x00000000       0x2e src/main.o
 .ARM.attributes
                0x0000002e       0x2e src/uart.o
 .ARM.attributes
                0x0000005c       0x2e src/pc13.o
 .ARM.attributes
                0x0000008a       0x2e tests/test_runner.o
 .ARM.attributes
                0x000000b8       0x2e tests/test_sram.o
 .ARM.attributes
                0x000000e6       0x2e tests/test_hse.o
 .ARM.attributes
                0x00000114       0x21 startup_stm32f411.o

.debug_frame    0x00000000      0x194
 .debug_frame   0x00000000       0x4c src/main.o
 .debug_frame   0x0000004c       0x58 src/uart.o
 .debug_frame   0x000000a4       0x50 src/pc13.o
 .debug_frame   0x000000f4       0x34 tests/test_runner.o
 .debug_frame   0x00000128       0x38 tests/test_sram.o
 .debug_frame   0x00000160       0x34 tests/test_hse.o
