
There are no discarded input sections

Memory Configuration

Name             Origin             Length             Attributes
FLASH            0x08000000         0x00080000         xr
RAM              0x20000000         0x00020000         xrw
*default*        0x00000000         0xffffffff

Linker script and memory map

LOAD src/main.o
LOAD src/uart.o
LOAD src/pc13.o
LOAD src/clock.o
LOAD tests/test_runner.o
LOAD tests/test_sram.o
LOAD tests/test_hse.o
LOAD tests/test_timer.o
LOAD tests/test_clock_measure.o
LOAD startup_stm32f411.o

.text           0x08000000      0x965
 *(.isr_vector)
 .isr_vector    0x08000000      0x188 startup_stm32f411.o
 *(.text*)
 .text          0x08000188       0x70 src/main.o
                0x08000188                main1
                0x080001c0                main
 .text          0x080001f8       0xec src/uart.o
                0x080001f8                uart_init
                0x080002a4                uart_print
 .text          0x080002e4       0x54 src/pc13.o
                0x080002e4                pc13_init
                0x0800031c                pc13_toggle
 .text          0x08000338      0x12c src/clock.o
                0x08000338                clock_init_pll
                0x080003d4                clock_init_pll_hsi
 .text          0x08000464       0x78 tests/test_runner.o
                0x08000464                run_tests
 .text          0x080004dc       0xa4 tests/test_sram.o
                0x080004dc                test_sram
 .text          0x08000580       0x74 tests/test_hse.o
                0x08000580                test_hse
 .text          0x080005f4       0x84 tests/test_timer.o
                0x080005f4                test_timer
 .text          0x08000678      0x17c tests/test_clock_measure.o
                0x0800069a                test_clock_measure
 .text          0x080007f4        0x0 startup_stm32f411.o
 .text.Reset_Handler
                0x080007f4       0x44 startup_stm32f411.o
                0x080007f4                Reset_Handler
 .text.Default_Handler
                0x08000838        0x2 startup_stm32f411.o
 *(.rodata*)
 *fill*         0x0800083a        0x2 
 .rodata        0x0800083c       0x67 src/main.o
 *fill*         0x080008a3        0x1 
 .rodata        0x080008a4       0x1b tests/test_runner.o
 *fill*         0x080008bf        0x1 
 .rodata        0x080008c0       0x2f tests/test_hse.o
 *fill*         0x080008ef        0x1 
 .rodata        0x080008f0       0x1c tests/test_timer.o
 .rodata        0x0800090c       0x59 tests/test_clock_measure.o

.glue_7         0x08000968        0x0
 .glue_7        0x08000968        0x0 linker stubs

.glue_7t        0x08000968        0x0
 .glue_7t       0x08000968        0x0 linker stubs

.vfp11_veneer   0x08000968        0x0
 .vfp11_veneer  0x08000968        0x0 linker stubs

.v4_bx          0x08000968        0x0
 .v4_bx         0x08000968        0x0 linker stubs

.iplt           0x08000968        0x0
 .iplt          0x08000968        0x0 src/main.o

.rel.dyn        0x08000968        0x0
 .rel.iplt      0x08000968        0x0 src/main.o

.data           0x20000000       0x18 load address 0x08000965
                0x20000000                        _sdata = .
 *(.data*)
 .data          0x20000000       0x18 src/main.o
                0x20000000                tests
 .data          0x20000018        0x0 src/uart.o
 .data          0x20000018        0x0 src/pc13.o
 .data          0x20000018        0x0 src/clock.o
 .data          0x20000018        0x0 tests/test_runner.o
 .data          0x20000018        0x0 tests/test_sram.o
 .data          0x20000018        0x0 tests/test_hse.o
 .data          0x20000018        0x0 tests/test_timer.o
 .data          0x20000018        0x0 tests/test_clock_measure.o
 .data          0x20000018        0x0 startup_stm32f411.o
                0x20000018                        _edata = .
                0x08000965                        _sidata = LOADADDR (.data)

.igot.plt       0x20000018        0x0 load address 0x0800097d
 .igot.plt      0x20000018        0x0 src/main.o

.bss            0x20000018        0x0 load address 0x0800097d
                0x20000018                        _sbss = .
 *(.bss*)
 .bss           0x20000018        0x0 src/main.o
 .bss           0x20000018        0x0 src/uart.o
 .bss           0x20000018        0x0 src/pc13.o
 .bss           0x20000018        0x0 src/clock.o
 .bss           0x20000018        0x0 tests/test_runner.o
 .bss           0x20000018        0x0 tests/test_sram.o
 .bss           0x20000018        0x0 tests/test_hse.o
 .bss           0x20000018        0x0 tests/test_timer.o
 .bss           0x20000018        0x0 tests/test_clock_measure.o
 .bss           0x20000018        0x0 startup_stm32f411.o
                0x20000018                        _ebss = .
OUTPUT(firmware.elf elf32-littlearm)
LOAD linker stubs

.debug_info     0x00000000      0x627
 .debug_info    0x00000000      0x15a src/main.o
 .debug_info    0x0000015a       0x6f src/uart.o
 .debug_info    0x000001c9       0x47 src/pc13.o
 .debug_info    0x00000210       0x47 src/clock.o
 .debug_info    0x00000257       0xfa tests/test_runner.o
 .debug_info    0x00000351       0xd4 tests/test_sram.o
 .debug_info    0x00000425       0x85 tests/test_hse.o
 .debug_info    0x000004aa       0x68 tests/test_timer.o
 .debug_info    0x00000512      0x115 tests/test_clock_measure.o

.debug_abbrev   0x00000000      0x56e
 .debug_abbrev  0x00000000      0x149 src/main.o
 .debug_abbrev  0x00000149       0x74 src/uart.o
 .debug_abbrev  0x000001bd       0x2f src/pc13.o
 .debug_abbrev  0x000001ec       0x2f src/clock.o
 .debug_abbrev  0x0000021b       0xfa tests/test_runner.o
 .debug_abbrev  0x00000315       0x7d tests/test_sram.o
 .debug_abbrev  0x00000392       0x92 tests/test_hse.o
 .debug_abbrev  0x00000424       0x71 tests/test_timer.o
 .debug_abbrev  0x00000495       0xd9 tests/test_clock_measure.o

.debug_aranges  0x00000000      0x120
 .debug_aranges
                0x00000000       0x20 src/main.o
 .debug_aranges
                0x00000020       0x20 src/uart.o
 .debug_aranges
                0x00000040       0x20 src/pc13.o
 .debug_aranges
                0x00000060       0x20 src/clock.o
 .debug_aranges
                0x00000080       0x20 tests/test_runner.o
 .debug_aranges
                0x000000a0       0x20 tests/test_sram.o
 .debug_aranges
                0x000000c0       0x20 tests/test_hse.o
 .debug_aranges
                0x000000e0       0x20 tests/test_timer.o
 .debug_aranges
                0x00000100       0x20 tests/test_clock_measure.o

.debug_line     0x00000000      0x64d
 .debug_line    0x00000000       0x9e src/main.o
 .debug_line    0x0000009e       0xb6 src/uart.o
 .debug_line    0x00000154       0x5b src/pc13.o
 .debug_line    0x000001af      0x124 src/clock.o
 .debug_line    0x000002d3       0x94 tests/test_runner.o
 .debug_line    0x00000367       0xbc tests/test_sram.o
 .debug_line    0x00000423       0x8b tests/test_hse.o
 .debug_line    0x000004ae       0xa0 tests/test_timer.o
 .debug_line    0x0000054e       0xff tests/test_clock_measure.o

.debug_str      0x00000000      0x212
 .debug_str     0x00000000      0x212 src/main.o
                                0x150 (size before relaxing)
 .debug_str     0x00000212       0xc1 src/uart.o
 .debug_str     0x00000212       0xbd src/pc13.o
 .debug_str     0x00000212       0xca src/clock.o
 .debug_str     0x00000212       0xf3 tests/test_runner.o
 .debug_str     0x00000212       0xca tests/test_sram.o
 .debug_str     0x00000212       0xc6 tests/test_hse.o
 .debug_str     0x00000212       0xca tests/test_timer.o
 .debug_str     0x00000212      0x109 tests/test_clock_measure.o

.comment        0x00000000       0x45
 .comment       0x00000000       0x45 src/main.o
                                 0x46 (size before relaxing)
 .comment       0x00000045       0x46 src/uart.o
 .comment       0x00000045       0x46 src/pc13.o
 .comment       0x00000045       0x46 src/clock.o
 .comment       0x00000045       0x46 tests/test_runner.o
 .comment       0x00000045       0x46 tests/test_sram.o
 .comment       0x00000045       0x46 tests/test_hse.o
 .comment       0x00000045       0x46 tests/test_timer.o
 .comment       0x00000045       0x46 tests/test_clock_measure.o

.ARM.attributes
                0x00000000       0x2c
 .ARM.attributes
                0x00000000       0x2e src/main.o
 .ARM.attributes
                0x0000002e       0x2e src/uart.o
 .ARM.attributes
                0x0000005c       0x2e src/pc13.o
 .ARM.attributes
                0x0000008a       0x2e src/clock.o
 .ARM.attributes
                0x000000b8       0x2e tests/test_runner.o
 .ARM.attributes
                0x000000e6       0x2e tests/test_sram.o
 .ARM.attributes
                0x00000114       0x2e tests/test_hse.o
 .ARM.attributes
                0x00000142       0x2e tests/test_timer.o
 .ARM.attributes
                0x00000170       0x2e tests/test_clock_measure.o
 .ARM.attributes
                0x0000019e       0x21 startup_stm32f411.o

.debug_frame    0x00000000      0x26c
 .debug_frame   0x00000000       0x4c src/main.o
 .debug_frame   0x0000004c       0x58 src/uart.o
 .debug_frame   0x000000a4       0x50 src/pc13.o
 .debug_frame   0x000000f4       0x50 src/clock.o
 .debug_frame   0x00000144       0x34 tests/test_runner.o
 .debug_frame   0x00000178       0x38 tests/test_sram.o
 .debug_frame   0x000001b0       0x34 tests/test_hse.o
 .debug_frame   0x000001e4       0x2c tests/test_timer.o
 .debug_frame   0x00000210       0x5c tests/test_clock_measure.o
